// Jest Snapshot v1, https://goo.gl/fbAQLP

exports[`StyledContainer component should render correctly 1`] = `
<DocumentFragment>
  <div
    class="sc-bgqQcB jPafiR"
  />
</DocumentFragment>
`;
